#-----------------------------------------------------------
# Webtalk v2020.2 (64-bit)
# SW Build 3064766 on Wed Nov 18 09:12:45 MST 2020
# IP Build 3064653 on Wed Nov 18 14:17:31 MST 2020
# Start of session at: Wed May 12 09:35:04 2021
# Process ID: 7212
# Current directory: D:/Laborator-CN/sumator_anticipare_transport/sumator_anticipare_transport.sim/sim_1/behav/xsim
# Command line: wbtcv.exe -mode batch -source D:/Laborator-CN/sumator_anticipare_transport/sumator_anticipare_transport.sim/sim_1/behav/xsim/xsim.dir/sum4bitisim_behav/webtalk/xsim_webtalk.tcl -notrace
# Log file: D:/Laborator-CN/sumator_anticipare_transport/sumator_anticipare_transport.sim/sim_1/behav/xsim/webtalk.log
# Journal file: D:/Laborator-CN/sumator_anticipare_transport/sumator_anticipare_transport.sim/sim_1/behav/xsim\webtalk.jou
#-----------------------------------------------------------
source D:/Laborator-CN/sumator_anticipare_transport/sumator_anticipare_transport.sim/sim_1/behav/xsim/xsim.dir/sum4bitisim_behav/webtalk/xsim_webtalk.tcl -notrace
